# Tests a simple pathfinding with one jump from one node to another

# Create Graph
created graph oneJump

# Add nodes
added node a to oneJump
added node b to oneJump

# Add edge
added edge AB from a to b in oneJump

# Find path
path from a to b:
a to b via AB