# Tests pathfinding where start node and end node are the same node

# Create Graph
created graph selfPath

# Add nodes
added node a to selfPath
added node b to selfPath

# Add edge
added edge AB from a to b in selfPath

# pathfinding from a to a
path from a to a: