# Test a simple file parse with one node
loaded graph simpleGraph

simpleGraph contains: a