# test functionality for pathfinding with a node that graph does
# not contain

# Create graph
created graph unknown

# Add nodes
added node a to unknown
added node b to unknown

# Add edge
added edge 1.000 from a to b in unknown

# test pathfinding
unknown: x

unknown: y

unknown: x
unknown: y